src/components/RegionCard.tsx(31,21): error TS2339: Property 'regionName' does not exist on type 'RegionData'.
src/components/RegionMap.tsx(82,71): error TS2339: Property 'regionName' does not exist on type 'RegionData'.
src/components/RegionMap.tsx(111,51): error TS2339: Property 'regionName' does not exist on type 'RegionData'.
src/components/VoteChart.tsx(46,31): error TS2339: Property 'percentage' does not exist on type 'PieLabelRenderProps'.
src/components/VoteChart.tsx(54,15): error TS2322: Type '(value: number) => string' is not assignable to type 'Formatter<number, NameType> & ((value: number, name: NameType, item: Payload<number, NameType>, index: number, payload: Payload<number, NameType>[]) => ReactNode | [...])'.
  Type '(value: number) => string' is not assignable to type 'Formatter<number, NameType>'.
    Types of parameters 'value' and 'value' are incompatible.
      Type 'number | undefined' is not assignable to type 'number'.
        Type 'undefined' is not assignable to type 'number'.
src/components/VoteChart.tsx(78,13): error TS2322: Type '(value: number, name: string, props: { payload: ChartDataPoint; }) => [string, string]' is not assignable to type 'Formatter<number, string> & ((value: number, name: string, item: Payload<number, string>, index: number, payload: Payload<number, string>[]) => ReactNode | [...])'.
  Type '(value: number, name: string, props: { payload: ChartDataPoint; }) => [string, string]' is not assignable to type 'Formatter<number, string>'.
    Types of parameters 'value' and 'value' are incompatible.
      Type 'number | undefined' is not assignable to type 'number'.
        Type 'undefined' is not assignable to type 'number'.
src/components/VoteChart.tsx(78,40): error TS6133: 'name' is declared but its value is never read.
src/data/regions.ts(9,3): error TS2322: Type '"br"' is not assignable to type 'Region'.
src/pages/ByRegion.tsx(82,66): error TS2339: Property 'regionName' does not exist on type 'RegionData'.
src/pages/Timeline.tsx(92,17): error TS2322: Type '(value: number) => string' is not assignable to type 'Formatter<number, NameType> & ((value: number, name: NameType, item: Payload<number, NameType>, index: number, payload: Payload<number, NameType>[]) => ReactNode | [...])'.
  Type '(value: number) => string' is not assignable to type 'Formatter<number, NameType>'.
    Types of parameters 'value' and 'value' are incompatible.
      Type 'number | undefined' is not assignable to type 'number'.
        Type 'undefined' is not assignable to type 'number'.
